============================= test session starts ==============================
platform darwin -- Python 3.12.12, pytest-7.4.4, pluggy-1.6.0 -- /Users/lakshithadilshan/Documents/ai inventory management system/backend/.venv/bin/python
cachedir: .pytest_cache
rootdir: /Users/lakshithadilshan/Documents/GitHub/ai-inventory-management-system/backend
plugins: anyio-4.12.1, asyncio-0.23.4, cov-4.1.0
asyncio: mode=Mode.STRICT
collecting ... collected 6 items

tests/test_auth_and_product_flow.py::test_auth_login_and_protected_me FAILED [ 16%]
tests/test_auth_and_product_flow.py::test_product_creation_persists_correct_business_fields PASSED [ 33%]
tests/test_inventory_transactions_and_ledger.py::test_purchase_receive_updates_stock_and_creates_ledger_entry FAILED [ 50%]
tests/test_inventory_transactions_and_ledger.py::test_sale_completion_deducts_stock_and_records_outbound_ledger FAILED [ 66%]
tests/test_inventory_transactions_and_ledger.py::test_stock_ledger_list_and_detail_endpoints_return_transaction_history FAILED [ 83%]
tests/test_inventory_transactions_and_ledger.py::test_warehouse_crud_endpoints PASSED [100%]

=================================== FAILURES ===================================
_______________________ test_auth_login_and_protected_me _______________________

client = <httpx.AsyncClient object at 0x1067602c0>
seeded_user = {'email': 'admin@test.local', 'id': 1, 'password': 'admin123', 'username': 'admin'}

    @pytest.mark.asyncio
    async def test_auth_login_and_protected_me(client: AsyncClient, seeded_user: dict[str, str | int]) -> None:
        login_response = await client.post(
            "/api/v1/auth/login",
            data={"username": seeded_user["username"], "password": seeded_user["password"]},
        )
    
        assert login_response.status_code == 200
        token = login_response.json()["access_token"]
    
        no_auth_me = await client.get("/api/v1/auth/me")
        assert no_auth_me.status_code == 401
    
>       me_response = await client.get(
            "/api/v1/auth/me",
            headers={"Authorization": f"Bearer {token}"},
        )

tests/test_auth_and_product_flow.py:18: 
_ _ _ _ _ _ _ _ _ _ _ _ _ _ _ _ _ _ _ _ _ _ _ _ _ _ _ _ _ _ _ _ _ _ _ _ _ _ _ _ 
../../../ai inventory management system/backend/.venv/lib/python3.12/site-packages/httpx/_client.py:1814: in get
    return await self.request(
../../../ai inventory management system/backend/.venv/lib/python3.12/site-packages/httpx/_client.py:1585: in request
    return await self.send(request, auth=auth, follow_redirects=follow_redirects)
../../../ai inventory management system/backend/.venv/lib/python3.12/site-packages/httpx/_client.py:1674: in send
    response = await self._send_handling_auth(
../../../ai inventory management system/backend/.venv/lib/python3.12/site-packages/httpx/_client.py:1702: in _send_handling_auth
    response = await self._send_handling_redirects(
../../../ai inventory management system/backend/.venv/lib/python3.12/site-packages/httpx/_client.py:1739: in _send_handling_redirects
    response = await self._send_single_request(request)
../../../ai inventory management system/backend/.venv/lib/python3.12/site-packages/httpx/_client.py:1776: in _send_single_request
    response = await transport.handle_async_request(request)
../../../ai inventory management system/backend/.venv/lib/python3.12/site-packages/httpx/_transports/asgi.py:157: in handle_async_request
    await self.app(scope, receive, send)
../../../ai inventory management system/backend/.venv/lib/python3.12/site-packages/fastapi/applications.py:1054: in __call__
    await super().__call__(scope, receive, send)
../../../ai inventory management system/backend/.venv/lib/python3.12/site-packages/starlette/applications.py:123: in __call__
    await self.middleware_stack(scope, receive, send)
../../../ai inventory management system/backend/.venv/lib/python3.12/site-packages/starlette/middleware/errors.py:186: in __call__
    raise exc
../../../ai inventory management system/backend/.venv/lib/python3.12/site-packages/starlette/middleware/errors.py:164: in __call__
    await self.app(scope, receive, _send)
../../../ai inventory management system/backend/.venv/lib/python3.12/site-packages/starlette/middleware/exceptions.py:62: in __call__
    await wrap_app_handling_exceptions(self.app, conn)(scope, receive, send)
../../../ai inventory management system/backend/.venv/lib/python3.12/site-packages/starlette/_exception_handler.py:64: in wrapped_app
    raise exc
../../../ai inventory management system/backend/.venv/lib/python3.12/site-packages/starlette/_exception_handler.py:53: in wrapped_app
    await app(scope, receive, sender)
../../../ai inventory management system/backend/.venv/lib/python3.12/site-packages/starlette/routing.py:758: in __call__
    await self.middleware_stack(scope, receive, send)
../../../ai inventory management system/backend/.venv/lib/python3.12/site-packages/starlette/routing.py:778: in app
    await route.handle(scope, receive, send)
../../../ai inventory management system/backend/.venv/lib/python3.12/site-packages/starlette/routing.py:299: in handle
    await self.app(scope, receive, send)
../../../ai inventory management system/backend/.venv/lib/python3.12/site-packages/starlette/routing.py:79: in app
    await wrap_app_handling_exceptions(app, request)(scope, receive, send)
../../../ai inventory management system/backend/.venv/lib/python3.12/site-packages/starlette/_exception_handler.py:64: in wrapped_app
    raise exc
../../../ai inventory management system/backend/.venv/lib/python3.12/site-packages/starlette/_exception_handler.py:53: in wrapped_app
    await app(scope, receive, sender)
../../../ai inventory management system/backend/.venv/lib/python3.12/site-packages/starlette/routing.py:74: in app
    response = await func(request)
../../../ai inventory management system/backend/.venv/lib/python3.12/site-packages/fastapi/routing.py:315: in app
    content = await serialize_response(
_ _ _ _ _ _ _ _ _ _ _ _ _ _ _ _ _ _ _ _ _ _ _ _ _ _ _ _ _ _ _ _ _ _ _ _ _ _ _ _ 

    async def serialize_response(
        *,
        field: Optional[ModelField] = None,
        response_content: Any,
        include: Optional[IncEx] = None,
        exclude: Optional[IncEx] = None,
        by_alias: bool = True,
        exclude_unset: bool = False,
        exclude_defaults: bool = False,
        exclude_none: bool = False,
        is_coroutine: bool = True,
    ) -> Any:
        if field:
            errors = []
            if not hasattr(field, "serialize"):
                # pydantic v1
                response_content = _prepare_response_content(
                    response_content,
                    exclude_unset=exclude_unset,
                    exclude_defaults=exclude_defaults,
                    exclude_none=exclude_none,
                )
            if is_coroutine:
                value, errors_ = field.validate(response_content, {}, loc=("response",))
            else:
                value, errors_ = await run_in_threadpool(
                    field.validate, response_content, {}, loc=("response",)
                )
            if isinstance(errors_, list):
                errors.extend(errors_)
            elif errors_:
                errors.append(errors_)
            if errors:
>               raise ResponseValidationError(
                    errors=_normalize_errors(errors), body=response_content
                )
E               fastapi.exceptions.ResponseValidationError: 1 validation errors:
E                 {'type': 'value_error', 'loc': ('response', 'email'), 'msg': 'value is not a valid email address: The part after the @-sign is a special-use or reserved name that cannot be used with email.', 'input': 'admin@test.local', 'ctx': {'reason': 'The part after the @-sign is a special-use or reserved name that cannot be used with email.'}}

../../../ai inventory management system/backend/.venv/lib/python3.12/site-packages/fastapi/routing.py:155: ResponseValidationError
------------------------------ Captured log setup ------------------------------
WARNING  passlib.handlers.bcrypt:bcrypt.py:622 (trapped) error reading bcrypt version
Traceback (most recent call last):
  File "/Users/lakshithadilshan/Documents/ai inventory management system/backend/.venv/lib/python3.12/site-packages/passlib/handlers/bcrypt.py", line 620, in _load_backend_mixin
    version = _bcrypt.__about__.__version__
              ^^^^^^^^^^^^^^^^^
AttributeError: module 'bcrypt' has no attribute '__about__'
_________ test_purchase_receive_updates_stock_and_creates_ledger_entry _________

client = <httpx.AsyncClient object at 0x106c17bf0>
db_session = <sqlalchemy.ext.asyncio.session.AsyncSession object at 0x1074b2240>
auth_headers = {'Authorization': 'Bearer eyJhbGciOiJIUzI1NiIsInR5cCI6IkpXVCJ9.eyJleHAiOjE3NzM4MzkxOTUsInN1YiI6IjEiLCJ0eXBlIjoiYWNjZXNzIn0.nvQ6ResJxRDY0ZqNdFZngbaxyaaauUQ3RNTO_N-qOks'}
inventory_setup = <coroutine object inventory_setup at 0x1059469e0>

    @pytest.mark.asyncio
    async def test_purchase_receive_updates_stock_and_creates_ledger_entry(
        client: AsyncClient,
        db_session: AsyncSession,
        auth_headers: dict[str, str],
        inventory_setup: dict[str, int],
    ) -> None:
        create_purchase_payload = {
>           "supplier_id": inventory_setup["supplier_id"],
            "warehouse_id": inventory_setup["warehouse_id"],
            "purchase_date": date.today().isoformat(),
            "items": [
                {
                    "product_id": inventory_setup["product_id"],
                    "quantity": 7,
                    "unit_price": 11,
                }
            ],
        }
E       TypeError: 'coroutine' object is not subscriptable

tests/test_inventory_transactions_and_ledger.py:58: TypeError
________ test_sale_completion_deducts_stock_and_records_outbound_ledger ________

client = <httpx.AsyncClient object at 0x1072fbb60>
db_session = <sqlalchemy.ext.asyncio.session.AsyncSession object at 0x1072eefc0>
auth_headers = {'Authorization': 'Bearer eyJhbGciOiJIUzI1NiIsInR5cCI6IkpXVCJ9.eyJleHAiOjE3NzM4MzkxOTUsInN1YiI6IjEiLCJ0eXBlIjoiYWNjZXNzIn0.nvQ6ResJxRDY0ZqNdFZngbaxyaaauUQ3RNTO_N-qOks'}
inventory_setup = <coroutine object inventory_setup at 0x105947760>

    @pytest.mark.asyncio
    async def test_sale_completion_deducts_stock_and_records_outbound_ledger(
        client: AsyncClient,
        db_session: AsyncSession,
        auth_headers: dict[str, str],
        inventory_setup: dict[str, int],
    ) -> None:
        create_sale_payload = {
>           "warehouse_id": inventory_setup["warehouse_id"],
            "sale_date": date.today().isoformat(),
            "customer_name": "QA Customer",
            "items": [
                {
                    "product_id": inventory_setup["product_id"],
                    "quantity": 4,
                    "unit_price": 25,
                    "discount_percent": 0,
                }
            ],
        }
E       TypeError: 'coroutine' object is not subscriptable

tests/test_inventory_transactions_and_ledger.py:111: TypeError
____ test_stock_ledger_list_and_detail_endpoints_return_transaction_history ____

client = <httpx.AsyncClient object at 0x1075c4380>
auth_headers = {'Authorization': 'Bearer eyJhbGciOiJIUzI1NiIsInR5cCI6IkpXVCJ9.eyJleHAiOjE3NzM4MzkxOTYsInN1YiI6IjEiLCJ0eXBlIjoiYWNjZXNzIn0.82amTXotvTfspV_G6mr_eIrpK4CUt-K04XNOar4utH8'}
inventory_setup = <coroutine object inventory_setup at 0x106a9ee60>

    @pytest.mark.asyncio
    async def test_stock_ledger_list_and_detail_endpoints_return_transaction_history(
        client: AsyncClient,
        auth_headers: dict[str, str],
        inventory_setup: dict[str, int],
    ) -> None:
        # Seed one purchase-receive event to ensure at least one ledger row exists.
        create_purchase_payload = {
>           "supplier_id": inventory_setup["supplier_id"],
            "warehouse_id": inventory_setup["warehouse_id"],
            "purchase_date": date.today().isoformat(),
            "items": [{"product_id": inventory_setup["product_id"], "quantity": 2, "unit_price": 8}],
        }
E       TypeError: 'coroutine' object is not subscriptable

tests/test_inventory_transactions_and_ledger.py:170: TypeError
=============================== warnings summary ===============================
../../../ai inventory management system/backend/.venv/lib/python3.12/site-packages/passlib/utils/__init__.py:854
  /Users/lakshithadilshan/Documents/ai inventory management system/backend/.venv/lib/python3.12/site-packages/passlib/utils/__init__.py:854: DeprecationWarning: 'crypt' is deprecated and slated for removal in Python 3.13
    from crypt import crypt as _crypt

../../../ai inventory management system/backend/.venv/lib/python3.12/site-packages/pydantic/_internal/_config.py:272
../../../ai inventory management system/backend/.venv/lib/python3.12/site-packages/pydantic/_internal/_config.py:272
../../../ai inventory management system/backend/.venv/lib/python3.12/site-packages/pydantic/_internal/_config.py:272
../../../ai inventory management system/backend/.venv/lib/python3.12/site-packages/pydantic/_internal/_config.py:272
../../../ai inventory management system/backend/.venv/lib/python3.12/site-packages/pydantic/_internal/_config.py:272
../../../ai inventory management system/backend/.venv/lib/python3.12/site-packages/pydantic/_internal/_config.py:272
  /Users/lakshithadilshan/Documents/ai inventory management system/backend/.venv/lib/python3.12/site-packages/pydantic/_internal/_config.py:272: PydanticDeprecatedSince20: Support for class-based `config` is deprecated, use ConfigDict instead. Deprecated in Pydantic V2.0 to be removed in V3.0. See Pydantic V2 Migration Guide at https://errors.pydantic.dev/2.6/migration/
    warnings.warn(DEPRECATION_MESSAGE, DeprecationWarning)

app/api/v1/endpoints/analytics.py:117
  /Users/lakshithadilshan/Documents/GitHub/ai-inventory-management-system/backend/app/api/v1/endpoints/analytics.py:117: DeprecationWarning: `regex` has been deprecated, please use `pattern` instead
    method: str = Query("weighted_average", regex="^(weighted_average|moving_average)$"),

tests/test_auth_and_product_flow.py::test_auth_login_and_protected_me
tests/test_auth_and_product_flow.py::test_product_creation_persists_correct_business_fields
tests/test_inventory_transactions_and_ledger.py::test_purchase_receive_updates_stock_and_creates_ledger_entry
tests/test_inventory_transactions_and_ledger.py::test_sale_completion_deducts_stock_and_records_outbound_ledger
tests/test_inventory_transactions_and_ledger.py::test_stock_ledger_list_and_detail_endpoints_return_transaction_history
tests/test_inventory_transactions_and_ledger.py::test_warehouse_crud_endpoints
  /Users/lakshithadilshan/Documents/GitHub/ai-inventory-management-system/backend/app/core/security.py:63: DeprecationWarning: datetime.datetime.utcnow() is deprecated and scheduled for removal in a future version. Use timezone-aware objects to represent datetimes in UTC: datetime.datetime.now(datetime.UTC).
    expire = datetime.utcnow() + timedelta(

tests/test_auth_and_product_flow.py::test_auth_login_and_protected_me
tests/test_auth_and_product_flow.py::test_product_creation_persists_correct_business_fields
tests/test_inventory_transactions_and_ledger.py::test_purchase_receive_updates_stock_and_creates_ledger_entry
tests/test_inventory_transactions_and_ledger.py::test_sale_completion_deducts_stock_and_records_outbound_ledger
tests/test_inventory_transactions_and_ledger.py::test_stock_ledger_list_and_detail_endpoints_return_transaction_history
tests/test_inventory_transactions_and_ledger.py::test_warehouse_crud_endpoints
  /Users/lakshithadilshan/Documents/GitHub/ai-inventory-management-system/backend/app/core/security.py:82: DeprecationWarning: datetime.datetime.utcnow() is deprecated and scheduled for removal in a future version. Use timezone-aware objects to represent datetimes in UTC: datetime.datetime.now(datetime.UTC).
    expire = datetime.utcnow() + expires_delta

tests/test_auth_and_product_flow.py::test_auth_login_and_protected_me
tests/test_auth_and_product_flow.py::test_product_creation_persists_correct_business_fields
tests/test_auth_and_product_flow.py::test_product_creation_persists_correct_business_fields
tests/test_inventory_transactions_and_ledger.py::test_warehouse_crud_endpoints
tests/test_inventory_transactions_and_ledger.py::test_warehouse_crud_endpoints
tests/test_inventory_transactions_and_ledger.py::test_warehouse_crud_endpoints
tests/test_inventory_transactions_and_ledger.py::test_warehouse_crud_endpoints
tests/test_inventory_transactions_and_ledger.py::test_warehouse_crud_endpoints
  /Users/lakshithadilshan/Documents/ai inventory management system/backend/.venv/lib/python3.12/site-packages/jose/jwt.py:311: DeprecationWarning: datetime.datetime.utcnow() is deprecated and scheduled for removal in a future version. Use timezone-aware objects to represent datetimes in UTC: datetime.datetime.now(datetime.UTC).
    now = timegm(datetime.utcnow().utctimetuple())

tests/test_inventory_transactions_and_ledger.py::test_warehouse_crud_endpoints
  /Users/lakshithadilshan/Documents/ai inventory management system/backend/.venv/lib/python3.12/site-packages/sqlalchemy/sql/coercions.py:376: RuntimeWarning: coroutine 'inventory_setup' was never awaited
    while hasattr(element, "__clause_element__"):
  Enable tracemalloc to get traceback where the object was allocated.
  See https://docs.pytest.org/en/stable/how-to/capture-warnings.html#resource-warnings for more info.

-- Docs: https://docs.pytest.org/en/stable/how-to/capture-warnings.html
=========================== short test summary info ============================
FAILED tests/test_auth_and_product_flow.py::test_auth_login_and_protected_me
FAILED tests/test_inventory_transactions_and_ledger.py::test_purchase_receive_updates_stock_and_creates_ledger_entry
FAILED tests/test_inventory_transactions_and_ledger.py::test_sale_completion_deducts_stock_and_records_outbound_ledger
FAILED tests/test_inventory_transactions_and_ledger.py::test_stock_ledger_list_and_detail_endpoints_return_transaction_history
=================== 4 failed, 2 passed, 29 warnings in 2.51s ===================
